// Jest Snapshot v1, https://goo.gl/fbAQLP

exports[`Storyshots Atoms/Button Default 1`] = `
<View
  style={
    Array [
      Object {
        "alignItems": "center",
        "flexBasis": 0,
        "flexGrow": 1,
        "flexShrink": 1,
        "justifyContent": "center",
      },
    ]
  }
>
  <View
    accessible={true}
    focusable={true}
    onClick={[Function]}
    onResponderGrant={[Function]}
    onResponderMove={[Function]}
    onResponderRelease={[Function]}
    onResponderTerminate={[Function]}
    onResponderTerminationRequest={[Function]}
    onStartShouldSetResponder={[Function]}
    style={
      Object {
        "backgroundColor": "#FFFFFF",
        "borderColor": "#D9D9D9",
        "borderRadius": 4,
        "borderWidth": 1,
        "flexDirection": "row",
        "opacity": 1,
        "paddingBottom": 10,
        "paddingLeft": 16,
        "paddingRight": 16,
        "paddingTop": 10,
      }
    }
  >
    <Text>
      Hello Button
    </Text>
  </View>
</View>
`;
